// Jest Snapshot v1, https://goo.gl/fbAQLP

exports[`main snapShot 1`] = `
<div
  className="todoapp stack-large"
>
  <h1>
    <span
      aria-label="tic-toc"
      role="img"
    >
      💣💣💥
    </span>
  </h1>
  <form
    data-testid="form"
    onSubmit={[Function]}
  >
    <h2
      className="label-wrapper"
    >
      <label
        className="label__lg"
        htmlFor="new-todo-input"
      >
        What needs to be done?
      </label>
    </h2>
    <input
      autoComplete="off"
      className="input input__lg"
      id="new-todo-input"
      name="text"
      onChange={[Function]}
      type="text"
      value=""
    />
    <button
      className="btn btn__primary btn__lg"
      type="submit"
    >
      Add
    </button>
  </form>
  <div
    className="filters btn-group stack-exception"
  >
    <button
      aria-pressed={true}
      className="btn toggle-btn"
      onClick={[Function]}
      type="button"
    >
      <span
        className="visually-hidden"
      >
        Show 
      </span>
      <span
        data-testid="filterButtonName"
      >
        All
      </span>
      <span
        className="visually-hidden"
      >
         tasks
      </span>
    </button>
    <button
      aria-pressed={false}
      className="btn toggle-btn"
      onClick={[Function]}
      type="button"
    >
      <span
        className="visually-hidden"
      >
        Show 
      </span>
      <span
        data-testid="filterButtonName"
      >
        Active
      </span>
      <span
        className="visually-hidden"
      >
         tasks
      </span>
    </button>
    <button
      aria-pressed={false}
      className="btn toggle-btn"
      onClick={[Function]}
      type="button"
    >
      <span
        className="visually-hidden"
      >
        Show 
      </span>
      <span
        data-testid="filterButtonName"
      >
        Completed
      </span>
      <span
        className="visually-hidden"
      >
         tasks
      </span>
    </button>
  </div>
  <h2
    id="list-heading"
  >
    3 tasks remaining
  </h2>
  <ul
    aria-labelledby="list-heading"
    className="todo-list stack-large stack-exception"
  >
    <li
      className="todo"
    >
      <div
        className="stack-small"
      >
        <div
          className="c-cb"
        >
          <input
            defaultChecked={true}
            id="test-1"
            onChange={[Function]}
            type="checkbox"
          />
          <label
            className="todo-label"
            htmlFor="test-1"
          >
            Eat
          </label>
        </div>
        <div
          className="btn-group"
        >
          <button
            className="btn"
            data-testid="todoStartEdit"
            onClick={[Function]}
            type="button"
          >
            Edit
            <span
              className="visually-hidden"
            >
              Eat
            </span>
          </button>
          <button
            className="btn btn__danger"
            data-testid="todoDelete"
            onClick={[Function]}
            type="button"
          >
            Delete
            <span
              className="visually-hidden"
            >
              Eat
            </span>
          </button>
        </div>
      </div>
    </li>
    <li
      className="todo"
    >
      <div
        className="stack-small"
      >
        <div
          className="c-cb"
        >
          <input
            defaultChecked={false}
            id="test-2"
            onChange={[Function]}
            type="checkbox"
          />
          <label
            className="todo-label"
            htmlFor="test-2"
          >
            Sleep
          </label>
        </div>
        <div
          className="btn-group"
        >
          <button
            className="btn"
            data-testid="todoStartEdit"
            onClick={[Function]}
            type="button"
          >
            Edit
            <span
              className="visually-hidden"
            >
              Sleep
            </span>
          </button>
          <button
            className="btn btn__danger"
            data-testid="todoDelete"
            onClick={[Function]}
            type="button"
          >
            Delete
            <span
              className="visually-hidden"
            >
              Sleep
            </span>
          </button>
        </div>
      </div>
    </li>
    <li
      className="todo"
    >
      <div
        className="stack-small"
      >
        <div
          className="c-cb"
        >
          <input
            defaultChecked={false}
            id="test-3"
            onChange={[Function]}
            type="checkbox"
          />
          <label
            className="todo-label"
            htmlFor="test-3"
          >
            Repeat
          </label>
        </div>
        <div
          className="btn-group"
        >
          <button
            className="btn"
            data-testid="todoStartEdit"
            onClick={[Function]}
            type="button"
          >
            Edit
            <span
              className="visually-hidden"
            >
              Repeat
            </span>
          </button>
          <button
            className="btn btn__danger"
            data-testid="todoDelete"
            onClick={[Function]}
            type="button"
          >
            Delete
            <span
              className="visually-hidden"
            >
              Repeat
            </span>
          </button>
        </div>
      </div>
    </li>
  </ul>
</div>
`;
